44
78934
Circle of Fire
Diana Gabaldon
1991
A time travel and adventure in the 18th century
23847
Nineteen Eighty-Four
George Orwell
1949
A dystopia exploring totalitarian control of the state
59482
The Age of Innocence
Edith Wharton
1920
A novel about social conventions and restrictions in New York society in the 19th century
10293
Tales of the Steppes
Anton Pavlovich
1886
Collection of realistic stories about Russian rural life
30485
Harry Potter and the Philosopher's Stone
J.K. Rowling
1997
A magical adventure of a young wizard
17362
War and Peace
Leo Tolstoy
1869
Historical epic about life in Russia during the Napoleonic Wars
45891
The Island of Doctor Moreau
H.G. Wells
1896
A story exploring the limits of science and ethics
65274
Pride and Prejudice
Jane Austen
1813
A classic examining social relationships and love in early 19th-century English society
89023
The Woman in White
Wilkie Collins
1859
A mystery and intrigue novel about identity and appearances
72635
Anna Karenina
Leo Tolstoy
1877
A tragic love story set in Tsarist Russia
82914
Moby Dick
Herman Melville
1851
An epic adventure about obsession and pursuit of a giant white whale
39184
Frankenstein
Mary Shelley
1818
A gothic literature classic about creation and monstrosity
64827
Norwegian Wood
Haruki Murakami
1987
A tale of love and loss in 1960s Japan
29475
The Children's Crusade
Marcel Schwob
1896
A medieval story about children going on a crusade
15749
Jane Eyre
Charlotte Bronte
1847
A story of love and independence about a governess
50237
The Kite Runner
Khaled Hosseini
2003
A story about friendship and betrayal in Afghanistan
36942
The Double
Fyodor Dostoevsky
1846
A novel about identity and the internal struggle of a bureaucrat
74928
A Christmas Carol
Charles Dickens
1843
A Christmas story about generosity and personal regeneration
92563
Mrs. Dalloway
Virginia Woolf
1925
A day in the life of a woman from London's high society
84726
The War of the Worlds
H.G. Wells
1898
An extraterrestrial invasion threatening to destroy humanity
23894
Animal Farm
George Orwell
1945
A political allegory about revolution and corruption
34920
Too Loud a Solitude
Bohumil Hrabal
1976
A story about passion for books and human isolation
29483
Lolita
Vladimir Nabokov
1955
A controversial story about obsession and forbidden love
57483
The Seagull
Anton Pavlovich
1896
A family drama and unfulfilled dreams
72536
One Flew Over the Cuckoo's Nest
Ken Kesey
1962
An insight into mental health and freedom
82573
Crime and Punishment
Fyodor Dostoevsky
1866
A student commits a crime and suffers psychological consequences
37284
The Name of the Rose
Umberto Eco
1980
An investigation in a medieval monastery about crimes
93485
Dangerous Illusions
Octavian Paler
1976
A novel about the struggle for freedom in an oppressive world
46937
The Seduction Mission
Alan Alda
2005
A book about about and interpersonal relationships
38492
The Handmaid's Tale
Margaret Atwood
1985
A dystopian novel exploring a totalitarian society
63928
The Catcher in the Rye
J.D. Salinger
1951
A narrative following a teenager's journey through adolescence
72639
Slaughterhouse-Five
Kurt Vonnegut
1969
A blend of science fiction and war commentary
48295
One Hundred Years of Solitude
Gabriel Garcia
1967
A multi-generational story of the Buendía family
82374
Brave New World
Aldous Huxley
1932
A dystopian society based on technological and social control
92736
The Lord of the Flies
William Golding
1954
A story depicting the descent into savagery by a group of boys
29479
Les Misérables
Victor Hugo
1862
A tale of love, injustice, and redemption set in post-revolutionary France
86421
The Grapes of Wrath
John Steinbeck
1939
A narrative following a family's struggles during the Great Depression
52147
The Brothers Karamazov
Fyodor Dostoevsky
1880
A philosophical novel exploring morality and faith
74362
East of Eden
John Steinbeck
1952
A multi-generational story of two families in California
92637
The Martian
Andy Weir
2011
A science fiction novel about an astronaut stranded on Mars
28491
The Alchemist
Paulo Coelho
1988
A story of a young Andalusian shepherd on a journey
37642
Beloved
Toni Morrison
1987
A story about the effects of slavery on Sethe
59372
The Road
Cormac McCarthy
2006
A post-apocalyptic journey of a father and son
34812
A Tale of Two Cities
Charles Dickens
1859
Set in London and Paris before and during the French Revolution
